
2020-10-29T21:19:19.488+0800: 114.015: [GC (CMS Initial Mark) [1 CMS-initial-mark: 106000K(2097152K)] 1084619K(3984640K), 0.2824583 secs] [Times: user=0.86 sys=0.00, real=0.28 secs]
2020-10-29T21:19:19.771+0800: 114.298: [CMS-concurrent-mark-start]
2020-10-29T21:19:19.931+0800: 114.458: [CMS-concurrent-mark: 0.160/0.160 secs] [Times: user=0.32 sys=0.03, real=0.16 secs]
2020-10-29T21:19:19.931+0800: 114.459: [CMS-concurrent-preclean-start]
2020-10-29T21:19:19.998+0800: 114.525: [CMS-concurrent-preclean: 0.065/0.066 secs] [Times: user=0.05 sys=0.01, real=0.06 secs]
2020-10-29T21:19:19.998+0800: 114.525: [CMS-concurrent-abortable-preclean-start]CMS: abort preclean due to time 
2020-10-29T21:19:25.072+0800: 119.599: [CMS-concurrent-abortable-preclean: 5.038/5.073 secs] [Times: user=7.72 sys=0.50, real=5.08 secs]
2020-10-29T21:19:25.076+0800: 119.603: [GC (CMS Final Remark) [YG occupancy: 1279357 K (1887488 K)]
2020-10-29T21:19:25.076+0800: 119.603: [Rescan (parallel) , 0.3120602 secs]
2020-10-29T21:19:25.388+0800: 119.915: [weak refs processing, 0.0015920 secs]
2020-10-29T21:19:25.390+0800: 119.917: [class unloading, 0.0517863 secs]
2020-10-29T21:19:25.441+0800: 119.969: [scrub symbol table, 0.0212825 secs]
2020-10-29T21:19:25.463+0800: 119.990: [scrub string table, 0.0022435 secs][1 CMS-remark: 106000K(2097152K)] 1385358K(3984640K), 0.3959182 secs] [Times: user=1.33 sys=0.00, real=0.40 secs]
2020-10-29T21:19:25.473+0800: 120.000: [CMS-concurrent-sweep-start]
2020-10-29T21:19:25.540+0800: 120.067: [CMS-concurrent-sweep: 0.067/0.067 secs] [Times: user=0.18 sys=0.02, real=0.06 secs]
2020-10-29T21:19:25.540+0800: 120.068: [CMS-concurrent-reset-start]
2020-10-29T21:19:25.544+0800: 120.071: [CMS-concurrent-reset: 0.003/0.003 secs] [Times: user=0.00 sys=0.00, real=0.01 secs]